[20:22:26] S1b mask_off simple_python
[20:24:24] S1b mask_on  simple_python
[20:26:18] S1b mask_off multiple
[20:28:05] S1b mask_on  multiple
[20:29:52] S1b mask_off parallel
[20:34:19] S1b mask_on  parallel
[20:36:36] S1b mask_off parallel_multiple
[20:41:18] S1b mask_on  parallel_multiple
[20:43:19] S1b mask_off irrelevance
[20:44:05] S1b mask_on  irrelevance
[20:45:20] S2a train simple_python
[20:46:02] S2a eval-holdout simple_python
[20:47:00] S2a eval-full    simple_python
[20:50:31] S2a train multiple
[20:51:13] S2a eval-holdout multiple
[20:51:56] S2a eval-full    multiple
[20:55:09] S2a train parallel
[20:55:54] S2a eval-holdout parallel
[20:57:25] S2a eval-full    parallel
[21:04:32] S2a train parallel_multiple
[21:05:14] S2a eval-holdout parallel_multiple
[21:07:02] S2a eval-full    parallel_multiple
[21:14:46] S2a train irrelevance
[21:15:30] S2a eval-holdout irrelevance
[21:15:43] S2a eval-full    irrelevance
[21:16:15] phase2 complete
